// Jest Snapshot v1, https://goo.gl/fbAQLP

exports[`connectRedux renders component with store data 1`] = `
<div>
  Id: 
  a
   - 
  Item A
</div>
`;
